nohup: ignoring input
[[1;34mINFO[m] Scanning for projects...
[[1;34mINFO[m] 
[[1;34mINFO[m] [1m---------------< [0;36mcom.ucan.skawallet.back.end:skawallet[0;1m >----------------[m
[[1;34mINFO[m] [1mBuilding skawallet 01[m
[[1;34mINFO[m] [1m--------------------------------[ jar ]---------------------------------[m
[[1;34mINFO[m] 
[[1;34mINFO[m] [1m>>> [0;32mspring-boot-maven-plugin:3.2.6:run[m [1m(default-cli)[0;1m > [0;1mtest-compile[m @ [36mskawallet[0;1m >>>[m
[[1;34mINFO[m] 
[[1;34mINFO[m] [1m--- [0;32mmaven-resources-plugin:3.3.1:resources[m [1m(default-resources)[m @ [36mskawallet[0;1m ---[m
[[1;34mINFO[m] Copying 1 resource from src/main/resources to target/classes
[[1;34mINFO[m] Copying 0 resource from src/main/resources to target/classes
[[1;34mINFO[m] 
[[1;34mINFO[m] [1m--- [0;32mmaven-compiler-plugin:3.11.0:compile[m [1m(default-compile)[m @ [36mskawallet[0;1m ---[m
[[1;34mINFO[m] Changes detected - recompiling the module! :source
[[1;34mINFO[m] Compiling 111 source files with javac [debug release 17] to target/classes
[[1;33mWARNING[m] /home/azm/Documents/Ngolax/Clientes/Skander/skawallet_api_backend/src/main/java/com/ucan/skawallet/back/end/skawallet/model/Installment.java:[57,31] @Builder will ignore the initializing expression entirely. If you want the initializing expression to serve as default, add @Builder.Default. If it is not supposed to be settable during building, make the field final.
[[1;33mWARNING[m] /home/azm/Documents/Ngolax/Clientes/Skander/skawallet_api_backend/src/main/java/com/ucan/skawallet/back/end/skawallet/model/Partner.java:[58,21] @Builder will ignore the initializing expression entirely. If you want the initializing expression to serve as default, add @Builder.Default. If it is not supposed to be settable during building, make the field final.
[[1;33mWARNING[m] /home/azm/Documents/Ngolax/Clientes/Skander/skawallet_api_backend/src/main/java/com/ucan/skawallet/back/end/skawallet/model/Partner.java:[63,27] @Builder will ignore the initializing expression entirely. If you want the initializing expression to serve as default, add @Builder.Default. If it is not supposed to be settable during building, make the field final.
[[1;33mWARNING[m] /home/azm/Documents/Ngolax/Clientes/Skander/skawallet_api_backend/src/main/java/com/ucan/skawallet/back/end/skawallet/model/Partner.java:[68,27] @Builder will ignore the initializing expression entirely. If you want the initializing expression to serve as default, add @Builder.Default. If it is not supposed to be settable during building, make the field final.
[[1;33mWARNING[m] /home/azm/Documents/Ngolax/Clientes/Skander/skawallet_api_backend/src/main/java/com/ucan/skawallet/back/end/skawallet/model/CreditScoring.java:[57,27] @Builder will ignore the initializing expression entirely. If you want the initializing expression to serve as default, add @Builder.Default. If it is not supposed to be settable during building, make the field final.
[[1;34mINFO[m] /home/azm/Documents/Ngolax/Clientes/Skander/skawallet_api_backend/src/main/java/com/ucan/skawallet/back/end/skawallet/security/token/JwtUtil.java: /home/azm/Documents/Ngolax/Clientes/Skander/skawallet_api_backend/src/main/java/com/ucan/skawallet/back/end/skawallet/security/token/JwtUtil.java uses unchecked or unsafe operations.
[[1;34mINFO[m] /home/azm/Documents/Ngolax/Clientes/Skander/skawallet_api_backend/src/main/java/com/ucan/skawallet/back/end/skawallet/security/token/JwtUtil.java: Recompile with -Xlint:unchecked for details.
[[1;34mINFO[m] 
[[1;34mINFO[m] [1m--- [0;32mmaven-resources-plugin:3.3.1:testResources[m [1m(default-testResources)[m @ [36mskawallet[0;1m ---[m
[[1;34mINFO[m] skip non existing resourceDirectory /home/azm/Documents/Ngolax/Clientes/Skander/skawallet_api_backend/src/test/resources
[[1;34mINFO[m] 
[[1;34mINFO[m] [1m--- [0;32mmaven-compiler-plugin:3.11.0:testCompile[m [1m(default-testCompile)[m @ [36mskawallet[0;1m ---[m
[[1;34mINFO[m] Changes detected - recompiling the module! :dependency
[[1;34mINFO[m] Compiling 2 source files with javac [debug release 17] to target/test-classes
[[1;34mINFO[m] 
[[1;34mINFO[m] [1m<<< [0;32mspring-boot-maven-plugin:3.2.6:run[m [1m(default-cli)[0;1m < [0;1mtest-compile[m @ [36mskawallet[0;1m <<<[m
[[1;34mINFO[m] 
[[1;34mINFO[m] 
[[1;34mINFO[m] [1m--- [0;32mspring-boot-maven-plugin:3.2.6:run[m [1m(default-cli)[m @ [36mskawallet[0;1m ---[m
[[1;34mINFO[m] Attaching agents: []

  .   ____          _            __ _ _
 /\\ / ___'_ __ _ _(_)_ __  __ _ \ \ \ \
( ( )\___ | '_ | '_| | '_ \/ _` | \ \ \ \
 \\/  ___)| |_)| | | | | || (_| |  ) ) ) )
  '  |____| .__|_| |_|_| |_\__, | / / / /
 =========|_|==============|___/=/_/_/_/
 :: Spring Boot ::                (v3.2.6)

2025-12-06T06:41:50.763+01:00  INFO 165457 --- [skawallet] [  restartedMain] c.u.s.b.e.s.SkawalletApplication         : Starting SkawalletApplication using Java 17.0.14 with PID 165457 (/home/azm/Documents/Ngolax/Clientes/Skander/skawallet_api_backend/target/classes started by azm in /home/azm/Documents/Ngolax/Clientes/Skander/skawallet_api_backend)
2025-12-06T06:41:50.764+01:00  INFO 165457 --- [skawallet] [  restartedMain] c.u.s.b.e.s.SkawalletApplication         : No active profile set, falling back to 1 default profile: "default"
2025-12-06T06:41:50.788+01:00  INFO 165457 --- [skawallet] [  restartedMain] .e.DevToolsPropertyDefaultsPostProcessor : Devtools property defaults active! Set 'spring.devtools.add-properties' to 'false' to disable
2025-12-06T06:41:50.788+01:00  INFO 165457 --- [skawallet] [  restartedMain] .e.DevToolsPropertyDefaultsPostProcessor : For additional web related logging consider setting the 'logging.level.web' property to 'DEBUG'
2025-12-06T06:41:51.263+01:00  INFO 165457 --- [skawallet] [  restartedMain] .s.d.r.c.RepositoryConfigurationDelegate : Bootstrapping Spring Data JPA repositories in DEFAULT mode.
2025-12-06T06:41:51.315+01:00  INFO 165457 --- [skawallet] [  restartedMain] .s.d.r.c.RepositoryConfigurationDelegate : Finished Spring Data repository scanning in 49 ms. Found 13 JPA repository interfaces.
2025-12-06T06:41:51.637+01:00  INFO 165457 --- [skawallet] [  restartedMain] o.s.b.w.embedded.tomcat.TomcatWebServer  : Tomcat initialized with port 8080 (http)
2025-12-06T06:41:51.645+01:00  INFO 165457 --- [skawallet] [  restartedMain] o.apache.catalina.core.StandardService   : Starting service [Tomcat]
2025-12-06T06:41:51.645+01:00  INFO 165457 --- [skawallet] [  restartedMain] o.apache.catalina.core.StandardEngine    : Starting Servlet engine: [Apache Tomcat/10.1.24]
2025-12-06T06:41:51.675+01:00  INFO 165457 --- [skawallet] [  restartedMain] o.a.c.c.C.[Tomcat].[localhost].[/]       : Initializing Spring embedded WebApplicationContext
2025-12-06T06:41:51.676+01:00  INFO 165457 --- [skawallet] [  restartedMain] w.s.c.ServletWebServerApplicationContext : Root WebApplicationContext: initialization completed in 887 ms
2025-12-06T06:41:51.754+01:00  INFO 165457 --- [skawallet] [  restartedMain] o.hibernate.jpa.internal.util.LogHelper  : HHH000204: Processing PersistenceUnitInfo [name: default]
2025-12-06T06:41:51.777+01:00  INFO 165457 --- [skawallet] [  restartedMain] org.hibernate.Version                    : HHH000412: Hibernate ORM core version 6.4.8.Final
2025-12-06T06:41:51.792+01:00  INFO 165457 --- [skawallet] [  restartedMain] o.h.c.internal.RegionFactoryInitiator    : HHH000026: Second-level cache disabled
2025-12-06T06:41:51.888+01:00  INFO 165457 --- [skawallet] [  restartedMain] o.s.o.j.p.SpringPersistenceUnitInfo      : No LoadTimeWeaver setup: ignoring JPA class transformer
2025-12-06T06:41:51.901+01:00  INFO 165457 --- [skawallet] [  restartedMain] com.zaxxer.hikari.HikariDataSource       : HikariPool-1 - Starting...
2025-12-06T06:41:52.041+01:00  INFO 165457 --- [skawallet] [  restartedMain] com.zaxxer.hikari.pool.HikariPool        : HikariPool-1 - Added connection org.postgresql.jdbc.PgConnection@7824937e
2025-12-06T06:41:52.042+01:00  INFO 165457 --- [skawallet] [  restartedMain] com.zaxxer.hikari.HikariDataSource       : HikariPool-1 - Start completed.
2025-12-06T06:41:52.057+01:00  WARN 165457 --- [skawallet] [  restartedMain] org.hibernate.orm.deprecation            : HHH90000025: PostgreSQLDialect does not need to be specified explicitly using 'hibernate.dialect' (remove the property setting and it will be selected by default)
2025-12-06T06:41:52.637+01:00  INFO 165457 --- [skawallet] [  restartedMain] o.h.e.t.j.p.i.JtaPlatformInitiator       : HHH000489: No JTA platform available (set 'hibernate.transaction.jta.platform' to enable JTA platform integration)
2025-12-06T06:41:52.798+01:00  INFO 165457 --- [skawallet] [  restartedMain] j.LocalContainerEntityManagerFactoryBean : Initialized JPA EntityManagerFactory for persistence unit 'default'
2025-12-06T06:41:52.999+01:00  INFO 165457 --- [skawallet] [  restartedMain] o.s.d.j.r.query.QueryEnhancerFactory     : Hibernate is in classpath; If applicable, HQL parser will be used.
2025-12-06T06:41:53.531+01:00  WARN 165457 --- [skawallet] [  restartedMain] JpaBaseConfiguration$JpaWebConfiguration : spring.jpa.open-in-view is enabled by default. Therefore, database queries may be performed during view rendering. Explicitly configure spring.jpa.open-in-view to disable this warning
2025-12-06T06:41:53.842+01:00  INFO 165457 --- [skawallet] [  restartedMain] o.s.s.web.DefaultSecurityFilterChain     : Will secure any request with [org.springframework.security.web.session.DisableEncodeUrlFilter@4aead424, org.springframework.security.web.context.request.async.WebAsyncManagerIntegrationFilter@6a3c7117, org.springframework.security.web.context.SecurityContextHolderFilter@8752a8e, org.springframework.security.web.header.HeaderWriterFilter@1b2f77, org.springframework.web.filter.CorsFilter@bbfe544, org.springframework.security.web.authentication.logout.LogoutFilter@f6eb5a0, org.springframework.security.oauth2.client.web.OAuth2AuthorizationRequestRedirectFilter@1d6f4037, org.springframework.security.oauth2.client.web.OAuth2LoginAuthenticationFilter@2d79937f, org.springframework.security.web.authentication.UsernamePasswordAuthenticationFilter@26cfa328, org.springframework.security.web.authentication.ui.DefaultLoginPageGeneratingFilter@3976c7fc, org.springframework.security.web.authentication.ui.DefaultLogoutPageGeneratingFilter@4105ecc4, org.springframework.security.web.savedrequest.RequestCacheAwareFilter@47097c94, org.springframework.security.web.servletapi.SecurityContextHolderAwareRequestFilter@1f29e72, org.springframework.security.web.authentication.AnonymousAuthenticationFilter@5dd24b34, org.springframework.security.web.access.ExceptionTranslationFilter@659b2740, org.springframework.security.web.access.intercept.AuthorizationFilter@255d0b20]
2025-12-06T06:41:54.165+01:00  WARN 165457 --- [skawallet] [  restartedMain] o.s.b.d.a.OptionalLiveReloadServer       : Unable to start LiveReload server
2025-12-06T06:41:54.192+01:00  INFO 165457 --- [skawallet] [  restartedMain] o.s.b.w.embedded.tomcat.TomcatWebServer  : Tomcat started on port 8080 (http) with context path ''
2025-12-06T06:41:54.202+01:00  INFO 165457 --- [skawallet] [  restartedMain] c.u.s.b.e.s.SkawalletApplication         : Started SkawalletApplication in 3.629 seconds (process running for 3.835)
2025-12-06T06:42:10.524+01:00  INFO 165457 --- [skawallet] [nio-8080-exec-1] o.a.c.c.C.[Tomcat].[localhost].[/]       : Initializing Spring DispatcherServlet 'dispatcherServlet'
2025-12-06T06:42:10.524+01:00  INFO 165457 --- [skawallet] [nio-8080-exec-1] o.s.web.servlet.DispatcherServlet        : Initializing Servlet 'dispatcherServlet'
2025-12-06T06:42:10.525+01:00  INFO 165457 --- [skawallet] [nio-8080-exec-1] o.s.web.servlet.DispatcherServlet        : Completed initialization in 1 ms
Hibernate: 
    select
        p1_0.id,
        p1_0.descricao,
        p1_0.nome,
        p1_0.partner_id,
        p1_0.preco 
    from
        produto p1_0
Hibernate: 
    select
        p1_0.pk_partners,
        p1_0.category,
        p1_0.contact_info,
        p1_0.created_at,
        p1_0.description,
        p1_0.name,
        p1_0.partner_code,
        p1_0.payment_supported 
    from
        partner p1_0 
    where
        p1_0.pk_partners=?
Hibernate: 
    select
        p1_0.pk_partners,
        p1_0.category,
        p1_0.contact_info,
        p1_0.created_at,
        p1_0.description,
        p1_0.name,
        p1_0.partner_code,
        p1_0.payment_supported 
    from
        partner p1_0 
    where
        p1_0.pk_partners=?
Hibernate: 
    select
        p1_0.pk_partners,
        p1_0.category,
        p1_0.contact_info,
        p1_0.created_at,
        p1_0.description,
        p1_0.name,
        p1_0.partner_code,
        p1_0.payment_supported 
    from
        partner p1_0 
    where
        p1_0.pk_partners=?
Hibernate: 
    select
        p1_0.pk_partners,
        p1_0.category,
        p1_0.contact_info,
        p1_0.created_at,
        p1_0.description,
        p1_0.name,
        p1_0.partner_code,
        p1_0.payment_supported 
    from
        partner p1_0 
    where
        p1_0.pk_partners=?
Hibernate: 
    select
        p1_0.pk_partners,
        p1_0.category,
        p1_0.contact_info,
        p1_0.created_at,
        p1_0.description,
        p1_0.name,
        p1_0.partner_code,
        p1_0.payment_supported 
    from
        partner p1_0 
    where
        p1_0.pk_partners=?
Hibernate: 
    select
        p1_0.pk_partners,
        p1_0.category,
        p1_0.contact_info,
        p1_0.created_at,
        p1_0.description,
        p1_0.name,
        p1_0.partner_code,
        p1_0.payment_supported 
    from
        partner p1_0 
    where
        p1_0.pk_partners=?
Hibernate: 
    select
        p1_0.pk_partners,
        p1_0.category,
        p1_0.contact_info,
        p1_0.created_at,
        p1_0.description,
        p1_0.name,
        p1_0.partner_code,
        p1_0.payment_supported 
    from
        partner p1_0 
    where
        p1_0.pk_partners=?
Hibernate: 
    select
        p1_0.pk_partners,
        p1_0.category,
        p1_0.contact_info,
        p1_0.created_at,
        p1_0.description,
        p1_0.name,
        p1_0.partner_code,
        p1_0.payment_supported 
    from
        partner p1_0 
    where
        p1_0.pk_partners=?
Hibernate: 
    select
        p1_0.pk_partners,
        p1_0.category,
        p1_0.contact_info,
        p1_0.created_at,
        p1_0.description,
        p1_0.name,
        p1_0.partner_code,
        p1_0.payment_supported 
    from
        partner p1_0 
    where
        p1_0.pk_partners=?
Hibernate: 
    select
        p1_0.pk_partners,
        p1_0.category,
        p1_0.contact_info,
        p1_0.created_at,
        p1_0.description,
        p1_0.name,
        p1_0.partner_code,
        p1_0.payment_supported 
    from
        partner p1_0 
    where
        p1_0.pk_partners=?
Hibernate: 
    select
        p1_0.pk_partners,
        p1_0.category,
        p1_0.contact_info,
        p1_0.created_at,
        p1_0.description,
        p1_0.name,
        p1_0.partner_code,
        p1_0.payment_supported 
    from
        partner p1_0 
    where
        p1_0.pk_partners=?
Hibernate: 
    select
        p1_0.pk_partners,
        p1_0.category,
        p1_0.contact_info,
        p1_0.created_at,
        p1_0.description,
        p1_0.name,
        p1_0.partner_code,
        p1_0.payment_supported 
    from
        partner p1_0 
    where
        p1_0.pk_partners=?
Hibernate: 
    select
        p1_0.id,
        p1_0.descricao,
        p1_0.nome,
        p1_0.partner_id,
        p1_0.preco 
    from
        produto p1_0
Hibernate: 
    select
        p1_0.pk_partners,
        p1_0.category,
        p1_0.contact_info,
        p1_0.created_at,
        p1_0.description,
        p1_0.name,
        p1_0.partner_code,
        p1_0.payment_supported 
    from
        partner p1_0 
    where
        p1_0.pk_partners=?
Hibernate: 
    select
        p1_0.pk_partners,
        p1_0.category,
        p1_0.contact_info,
        p1_0.created_at,
        p1_0.description,
        p1_0.name,
        p1_0.partner_code,
        p1_0.payment_supported 
    from
        partner p1_0 
    where
        p1_0.pk_partners=?
Hibernate: 
    select
        p1_0.pk_partners,
        p1_0.category,
        p1_0.contact_info,
        p1_0.created_at,
        p1_0.description,
        p1_0.name,
        p1_0.partner_code,
        p1_0.payment_supported 
    from
        partner p1_0 
    where
        p1_0.pk_partners=?
Hibernate: 
    select
        p1_0.pk_partners,
        p1_0.category,
        p1_0.contact_info,
        p1_0.created_at,
        p1_0.description,
        p1_0.name,
        p1_0.partner_code,
        p1_0.payment_supported 
    from
        partner p1_0 
    where
        p1_0.pk_partners=?
Hibernate: 
    select
        p1_0.pk_partners,
        p1_0.category,
        p1_0.contact_info,
        p1_0.created_at,
        p1_0.description,
        p1_0.name,
        p1_0.partner_code,
        p1_0.payment_supported 
    from
        partner p1_0 
    where
        p1_0.pk_partners=?
Hibernate: 
    select
        p1_0.pk_partners,
        p1_0.category,
        p1_0.contact_info,
        p1_0.created_at,
        p1_0.description,
        p1_0.name,
        p1_0.partner_code,
        p1_0.payment_supported 
    from
        partner p1_0 
    where
        p1_0.pk_partners=?
Hibernate: 
    select
        p1_0.pk_partners,
        p1_0.category,
        p1_0.contact_info,
        p1_0.created_at,
        p1_0.description,
        p1_0.name,
        p1_0.partner_code,
        p1_0.payment_supported 
    from
        partner p1_0 
    where
        p1_0.pk_partners=?
Hibernate: 
    select
        p1_0.pk_partners,
        p1_0.category,
        p1_0.contact_info,
        p1_0.created_at,
        p1_0.description,
        p1_0.name,
        p1_0.partner_code,
        p1_0.payment_supported 
    from
        partner p1_0 
    where
        p1_0.pk_partners=?
Hibernate: 
    select
        p1_0.pk_partners,
        p1_0.category,
        p1_0.contact_info,
        p1_0.created_at,
        p1_0.description,
        p1_0.name,
        p1_0.partner_code,
        p1_0.payment_supported 
    from
        partner p1_0 
    where
        p1_0.pk_partners=?
Hibernate: 
    select
        p1_0.pk_partners,
        p1_0.category,
        p1_0.contact_info,
        p1_0.created_at,
        p1_0.description,
        p1_0.name,
        p1_0.partner_code,
        p1_0.payment_supported 
    from
        partner p1_0 
    where
        p1_0.pk_partners=?
Hibernate: 
    select
        p1_0.pk_partners,
        p1_0.category,
        p1_0.contact_info,
        p1_0.created_at,
        p1_0.description,
        p1_0.name,
        p1_0.partner_code,
        p1_0.payment_supported 
    from
        partner p1_0 
    where
        p1_0.pk_partners=?
Hibernate: 
    select
        p1_0.pk_partners,
        p1_0.category,
        p1_0.contact_info,
        p1_0.created_at,
        p1_0.description,
        p1_0.name,
        p1_0.partner_code,
        p1_0.payment_supported 
    from
        partner p1_0 
    where
        p1_0.pk_partners=?
